// Vitest Snapshot v1, https://vitest.dev/guide/snapshot.html

exports[`Button Test Cases > Should Match Button Snapshot 1`] = `
<DocumentFragment>
  <button
    class="MuiButtonBase-root MuiButton-root MuiButton-text MuiButton-textPrimary MuiButton-sizeMedium MuiButton-textSizeMedium MuiButton-colorPrimary MuiButton-root MuiButton-text MuiButton-textPrimary MuiButton-sizeMedium MuiButton-textSizeMedium MuiButton-colorPrimary css-1e6y48t-MuiButtonBase-root-MuiButton-root"
    tabindex="0"
    type="button"
  >
    Testing
    <span
      class="MuiTouchRipple-root css-8je8zh-MuiTouchRipple-root"
    />
  </button>
</DocumentFragment>
`;
