// Vitest Snapshot v1, https://vitest.dev/guide/snapshot.html

exports[`SpeedDial Test Cases > Should Match SpeedDial Snapshot 1`] = `
<DocumentFragment>
  <div
    class="MuiSpeedDial-root MuiSpeedDial-directionUp css-h0fz3e-MuiSpeedDial-root"
    role="presentation"
  >
    <button
      aria-controls="Testing-actions"
      aria-expanded="false"
      aria-haspopup="true"
      aria-label="Testing"
      class="MuiButtonBase-root MuiFab-root MuiFab-circular MuiFab-sizeLarge MuiFab-primary MuiFab-root MuiFab-circular MuiFab-sizeLarge MuiFab-primary MuiSpeedDial-fab css-7dv1rb-MuiButtonBase-root-MuiFab-root-MuiSpeedDial-fab"
      style="transform: none; webkit-transition: transform 225ms cubic-bezier(0.4, 0, 0.2, 1) 0ms; transition: transform 225ms cubic-bezier(0.4, 0, 0.2, 1) 0ms;"
      tabindex="0"
      type="button"
    >
      <span
        class="MuiTouchRipple-root css-8je8zh-MuiTouchRipple-root"
      />
    </button>
    <div
      aria-orientation="vertical"
      class="MuiSpeedDial-actions MuiSpeedDial-actionsClosed css-1s28u9o-MuiSpeedDial-actions"
      id="Testing-actions"
      role="menu"
    />
  </div>
</DocumentFragment>
`;
